------------------------------------------------------------
Timing Analyzer Summary
------------------------------------------------------------

Type  : Slow 1200mV 85C Model Setup 'start_button'
Slack : -10.150
TNS   : -127.852

Type  : Slow 1200mV 85C Model Setup 'push_button'
Slack : 0.241
TNS   : 0.000

Type  : Slow 1200mV 85C Model Hold 'push_button'
Slack : 0.440
TNS   : 0.000

Type  : Slow 1200mV 85C Model Hold 'start_button'
Slack : 1.535
TNS   : 0.000

Type  : Slow 1200mV 85C Model Minimum Pulse Width 'push_button'
Slack : -3.000
TNS   : -50.545

Type  : Slow 1200mV 85C Model Minimum Pulse Width 'start_button'
Slack : -3.000
TNS   : -24.845

Type  : Slow 1200mV 0C Model Setup 'start_button'
Slack : -9.076
TNS   : -114.423

Type  : Slow 1200mV 0C Model Setup 'push_button'
Slack : 0.321
TNS   : 0.000

Type  : Slow 1200mV 0C Model Hold 'push_button'
Slack : 0.387
TNS   : 0.000

Type  : Slow 1200mV 0C Model Hold 'start_button'
Slack : 1.406
TNS   : 0.000

Type  : Slow 1200mV 0C Model Minimum Pulse Width 'push_button'
Slack : -3.000
TNS   : -50.545

Type  : Slow 1200mV 0C Model Minimum Pulse Width 'start_button'
Slack : -3.000
TNS   : -24.845

Type  : Fast 1200mV 0C Model Setup 'start_button'
Slack : -4.433
TNS   : -54.060

Type  : Fast 1200mV 0C Model Setup 'push_button'
Slack : 0.635
TNS   : 0.000

Type  : Fast 1200mV 0C Model Hold 'push_button'
Slack : 0.201
TNS   : 0.000

Type  : Fast 1200mV 0C Model Hold 'start_button'
Slack : 0.696
TNS   : 0.000

Type  : Fast 1200mV 0C Model Minimum Pulse Width 'push_button'
Slack : -3.000
TNS   : -45.669

Type  : Fast 1200mV 0C Model Minimum Pulse Width 'start_button'
Slack : -3.000
TNS   : -21.752

------------------------------------------------------------
