Analysis & Synthesis report for XM23
Mon Sep 23 21:45:13 2024
Quartus Prime Version 20.1.1 Build 720 11/11/2020 SJ Lite Edition


---------------------
; Table of Contents ;
---------------------
  1. Legal Notice
  2. Analysis & Synthesis Summary
  3. Analysis & Synthesis Settings
  4. Parallel Compilation
  5. Analysis & Synthesis Source Files Read
  6. Analysis & Synthesis Resource Usage Summary
  7. Analysis & Synthesis Resource Utilization by Entity
  8. Registers Removed During Synthesis
  9. General Register Statistics
 10. Parameter Settings for User Entity Instance: Top-level Entity: |XM23
 11. Port Connectivity Checks: "decode_stage:decode|pipeline_registers:pipeline"
 12. Port Connectivity Checks: "decode_stage:decode"
 13. Post-Synthesis Netlist Statistics for Top Partition
 14. Elapsed Time Per Partition
 15. Analysis & Synthesis Messages
 16. Analysis & Synthesis Suppressed Messages



----------------
; Legal Notice ;
----------------
Copyright (C) 2020  Intel Corporation. All rights reserved.
Your use of Intel Corporation's design tools, logic functions 
and other software and tools, and any partner logic 
functions, and any output files from any of the foregoing 
(including device programming or simulation files), and any 
associated documentation or information are expressly subject 
to the terms and conditions of the Intel Program License 
Subscription Agreement, the Intel Quartus Prime License Agreement,
the Intel FPGA IP License Agreement, or other applicable license
agreement, including, without limitation, that your use is for
the sole purpose of programming logic devices manufactured by
Intel and sold by Intel or its authorized distributors.  Please
refer to the applicable agreement for further details, at
https://fpgasoftware.intel.com/eula.



+----------------------------------------------------------------------------------+
; Analysis & Synthesis Summary                                                     ;
+------------------------------------+---------------------------------------------+
; Analysis & Synthesis Status        ; Successful - Mon Sep 23 21:45:13 2024       ;
; Quartus Prime Version              ; 20.1.1 Build 720 11/11/2020 SJ Lite Edition ;
; Revision Name                      ; XM23                                        ;
; Top-level Entity Name              ; XM23                                        ;
; Family                             ; Cyclone IV E                                ;
; Total logic elements               ; 56                                          ;
;     Total combinational functions  ; 56                                          ;
;     Dedicated logic registers      ; 33                                          ;
; Total registers                    ; 33                                          ;
; Total pins                         ; 4                                           ;
; Total virtual pins                 ; 0                                           ;
; Total memory bits                  ; 0                                           ;
; Embedded Multiplier 9-bit elements ; 0                                           ;
; Total PLLs                         ; 0                                           ;
+------------------------------------+---------------------------------------------+


+------------------------------------------------------------------------------------------------------------+
; Analysis & Synthesis Settings                                                                              ;
+------------------------------------------------------------------+--------------------+--------------------+
; Option                                                           ; Setting            ; Default Value      ;
+------------------------------------------------------------------+--------------------+--------------------+
; Device                                                           ; EP4CE115F29C7      ;                    ;
; Top-level entity name                                            ; XM23               ; XM23               ;
; Family name                                                      ; Cyclone IV E       ; Cyclone V          ;
; Use smart compilation                                            ; Off                ; Off                ;
; Enable parallel Assembler and Timing Analyzer during compilation ; On                 ; On                 ;
; Enable compact report table                                      ; Off                ; Off                ;
; Restructure Multiplexers                                         ; Auto               ; Auto               ;
; Create Debugging Nodes for IP Cores                              ; Off                ; Off                ;
; Preserve fewer node names                                        ; On                 ; On                 ;
; Intel FPGA IP Evaluation Mode                                    ; Enable             ; Enable             ;
; Verilog Version                                                  ; Verilog_2001       ; Verilog_2001       ;
; VHDL Version                                                     ; VHDL_1993          ; VHDL_1993          ;
; State Machine Processing                                         ; Auto               ; Auto               ;
; Safe State Machine                                               ; Off                ; Off                ;
; Extract Verilog State Machines                                   ; On                 ; On                 ;
; Extract VHDL State Machines                                      ; On                 ; On                 ;
; Ignore Verilog initial constructs                                ; Off                ; Off                ;
; Iteration limit for constant Verilog loops                       ; 5000               ; 5000               ;
; Iteration limit for non-constant Verilog loops                   ; 250                ; 250                ;
; Add Pass-Through Logic to Inferred RAMs                          ; On                 ; On                 ;
; Infer RAMs from Raw Logic                                        ; On                 ; On                 ;
; Parallel Synthesis                                               ; On                 ; On                 ;
; DSP Block Balancing                                              ; Auto               ; Auto               ;
; NOT Gate Push-Back                                               ; On                 ; On                 ;
; Power-Up Don't Care                                              ; On                 ; On                 ;
; Remove Redundant Logic Cells                                     ; Off                ; Off                ;
; Remove Duplicate Registers                                       ; On                 ; On                 ;
; Ignore CARRY Buffers                                             ; Off                ; Off                ;
; Ignore CASCADE Buffers                                           ; Off                ; Off                ;
; Ignore GLOBAL Buffers                                            ; Off                ; Off                ;
; Ignore ROW GLOBAL Buffers                                        ; Off                ; Off                ;
; Ignore LCELL Buffers                                             ; Off                ; Off                ;
; Ignore SOFT Buffers                                              ; On                 ; On                 ;
; Limit AHDL Integers to 32 Bits                                   ; Off                ; Off                ;
; Optimization Technique                                           ; Balanced           ; Balanced           ;
; Carry Chain Length                                               ; 70                 ; 70                 ;
; Auto Carry Chains                                                ; On                 ; On                 ;
; Auto Open-Drain Pins                                             ; On                 ; On                 ;
; Perform WYSIWYG Primitive Resynthesis                            ; Off                ; Off                ;
; Auto ROM Replacement                                             ; On                 ; On                 ;
; Auto RAM Replacement                                             ; On                 ; On                 ;
; Auto DSP Block Replacement                                       ; On                 ; On                 ;
; Auto Shift Register Replacement                                  ; Auto               ; Auto               ;
; Allow Shift Register Merging across Hierarchies                  ; Auto               ; Auto               ;
; Auto Clock Enable Replacement                                    ; On                 ; On                 ;
; Strict RAM Replacement                                           ; Off                ; Off                ;
; Allow Synchronous Control Signals                                ; On                 ; On                 ;
; Force Use of Synchronous Clear Signals                           ; Off                ; Off                ;
; Auto RAM Block Balancing                                         ; On                 ; On                 ;
; Auto RAM to Logic Cell Conversion                                ; Off                ; Off                ;
; Auto Resource Sharing                                            ; Off                ; Off                ;
; Allow Any RAM Size For Recognition                               ; Off                ; Off                ;
; Allow Any ROM Size For Recognition                               ; Off                ; Off                ;
; Allow Any Shift Register Size For Recognition                    ; Off                ; Off                ;
; Use LogicLock Constraints during Resource Balancing              ; On                 ; On                 ;
; Ignore translate_off and synthesis_off directives                ; Off                ; Off                ;
; Timing-Driven Synthesis                                          ; On                 ; On                 ;
; Report Parameter Settings                                        ; On                 ; On                 ;
; Report Source Assignments                                        ; On                 ; On                 ;
; Report Connectivity Checks                                       ; On                 ; On                 ;
; Ignore Maximum Fan-Out Assignments                               ; Off                ; Off                ;
; Synchronization Register Chain Length                            ; 2                  ; 2                  ;
; Power Optimization During Synthesis                              ; Normal compilation ; Normal compilation ;
; HDL message level                                                ; Level2             ; Level2             ;
; Suppress Register Optimization Related Messages                  ; Off                ; Off                ;
; Number of Removed Registers Reported in Synthesis Report         ; 5000               ; 5000               ;
; Number of Swept Nodes Reported in Synthesis Report               ; 5000               ; 5000               ;
; Number of Inverted Registers Reported in Synthesis Report        ; 100                ; 100                ;
; Clock MUX Protection                                             ; On                 ; On                 ;
; Auto Gated Clock Conversion                                      ; Off                ; Off                ;
; Block Design Naming                                              ; Auto               ; Auto               ;
; SDC constraint protection                                        ; Off                ; Off                ;
; Synthesis Effort                                                 ; Auto               ; Auto               ;
; Shift Register Replacement - Allow Asynchronous Clear Signal     ; On                 ; On                 ;
; Pre-Mapping Resynthesis Optimization                             ; Off                ; Off                ;
; Analysis & Synthesis Message Level                               ; Medium             ; Medium             ;
; Disable Register Merging Across Hierarchies                      ; Auto               ; Auto               ;
; Resource Aware Inference For Block RAM                           ; On                 ; On                 ;
+------------------------------------------------------------------+--------------------+--------------------+


+------------------------------------------+
; Parallel Compilation                     ;
+----------------------------+-------------+
; Processors                 ; Number      ;
+----------------------------+-------------+
; Number detected on machine ; 16          ;
; Maximum allowed            ; 16          ;
;                            ;             ;
; Average used               ; 1.00        ;
; Maximum used               ; 16          ;
;                            ;             ;
; Usage by Processor         ; % Time Used ;
;     Processor 1            ; 100.0%      ;
;     Processors 2-16        ;   0.0%      ;
+----------------------------+-------------+


+-------------------------------------------------------------------------------------------------------------------------------------------------------------------------------------------------------------------+
; Analysis & Synthesis Source Files Read                                                                                                                                                                            ;
+----------------------------------+-----------------+------------------------------+---------------------------------------------------------------------------------------------------------------------+---------+
; File Name with User-Entered Path ; Used in Netlist ; File Type                    ; File Name with Absolute Path                                                                                        ; Library ;
+----------------------------------+-----------------+------------------------------+---------------------------------------------------------------------------------------------------------------------+---------+
; decode_stage.sv                  ; yes             ; User SystemVerilog HDL File  ; C:/Users/romes/OneDrive - Dalhousie University/Desktop/Dal/SYP - actual project/XM23-CPU/FPGA/decode_stage.sv       ;         ;
; pipeline_registers.sv            ; yes             ; User SystemVerilog HDL File  ; C:/Users/romes/OneDrive - Dalhousie University/Desktop/Dal/SYP - actual project/XM23-CPU/FPGA/pipeline_registers.sv ;         ;
; XM23.sv                          ; yes             ; User SystemVerilog HDL File  ; C:/Users/romes/OneDrive - Dalhousie University/Desktop/Dal/SYP - actual project/XM23-CPU/FPGA/XM23.sv               ;         ;
+----------------------------------+-----------------+------------------------------+---------------------------------------------------------------------------------------------------------------------+---------+


+------------------------------------------------------------+
; Analysis & Synthesis Resource Usage Summary                ;
+---------------------------------------------+--------------+
; Resource                                    ; Usage        ;
+---------------------------------------------+--------------+
; Estimated Total logic elements              ; 56           ;
;                                             ;              ;
; Total combinational functions               ; 56           ;
; Logic element usage by number of LUT inputs ;              ;
;     -- 4 input functions                    ; 10           ;
;     -- 3 input functions                    ; 0            ;
;     -- <=2 input functions                  ; 46           ;
;                                             ;              ;
; Logic elements by mode                      ;              ;
;     -- normal mode                          ; 25           ;
;     -- arithmetic mode                      ; 31           ;
;                                             ;              ;
; Total registers                             ; 33           ;
;     -- Dedicated logic registers            ; 33           ;
;     -- I/O registers                        ; 0            ;
;                                             ;              ;
; I/O pins                                    ; 4            ;
;                                             ;              ;
; Embedded Multiplier 9-bit elements          ; 0            ;
;                                             ;              ;
; Maximum fan-out node                        ; clk_in~input ;
; Maximum fan-out                             ; 33           ;
; Total fan-out                               ; 236          ;
; Average fan-out                             ; 2.43         ;
+---------------------------------------------+--------------+


+----------------------------------------------------------------------------------------------------------------------------------------------------------------------------------------------------------+
; Analysis & Synthesis Resource Utilization by Entity                                                                                                                                                      ;
+----------------------------+---------------------+---------------------------+-------------+--------------+---------+-----------+------+--------------+---------------------+-------------+--------------+
; Compilation Hierarchy Node ; Combinational ALUTs ; Dedicated Logic Registers ; Memory Bits ; DSP Elements ; DSP 9x9 ; DSP 18x18 ; Pins ; Virtual Pins ; Full Hierarchy Name ; Entity Name ; Library Name ;
+----------------------------+---------------------+---------------------------+-------------+--------------+---------+-----------+------+--------------+---------------------+-------------+--------------+
; |XM23                      ; 56 (56)             ; 33 (33)                   ; 0           ; 0            ; 0       ; 0         ; 4    ; 0            ; |XM23               ; XM23        ; work         ;
+----------------------------+---------------------+---------------------------+-------------+--------------+---------+-----------+------+--------------+---------------------+-------------+--------------+
Note: For table entries with two numbers listed, the numbers in parentheses indicate the number of resources of the given type used by the specific entity alone. The numbers listed outside of parentheses indicate the total resources of the given type used by the specific entity and all of its sub-entities in the hierarchy.


+--------------------------------------------------------------+
; Registers Removed During Synthesis                           ;
+---------------------------------------+----------------------+
; Register name                         ; Reason for Removal   ;
+---------------------------------------+----------------------+
; clk~reg0                              ; Merged with led~reg0 ;
; Total Number of Removed Registers = 1 ;                      ;
+---------------------------------------+----------------------+


+------------------------------------------------------+
; General Register Statistics                          ;
+----------------------------------------------+-------+
; Statistic                                    ; Value ;
+----------------------------------------------+-------+
; Total registers                              ; 33    ;
; Number of registers using Synchronous Clear  ; 0     ;
; Number of registers using Synchronous Load   ; 0     ;
; Number of registers using Asynchronous Clear ; 33    ;
; Number of registers using Asynchronous Load  ; 0     ;
; Number of registers using Clock Enable       ; 0     ;
; Number of registers using Preset             ; 0     ;
+----------------------------------------------+-------+


+----------------------------------------------------------------------+
; Parameter Settings for User Entity Instance: Top-level Entity: |XM23 ;
+----------------+----------+------------------------------------------+
; Parameter Name ; Value    ; Type                                     ;
+----------------+----------+------------------------------------------+
; DIVIDER        ; 50000000 ; Signed Integer                           ;
+----------------+----------+------------------------------------------+
Note: In order to hide this table in the UI and the text report file, please set the "Show Parameter Settings in Synthesis Report" option in "Analysis and Synthesis Settings -> More Settings" to "Off".


+-------------------------------------------------------------------------------------------------------------------------------------------------------------------------------------+
; Port Connectivity Checks: "decode_stage:decode|pipeline_registers:pipeline"                                                                                                         ;
+------------------+--------+----------+----------------------------------------------------------------------------------------------------------------------------------------------+
; Port             ; Type   ; Severity ; Details                                                                                                                                      ;
+------------------+--------+----------+----------------------------------------------------------------------------------------------------------------------------------------------+
; WB               ; Input  ; Info     ; Stuck at GND                                                                                                                                 ;
; SLP              ; Input  ; Info     ; Stuck at GND                                                                                                                                 ;
; N                ; Input  ; Info     ; Stuck at GND                                                                                                                                 ;
; Z                ; Input  ; Info     ; Stuck at GND                                                                                                                                 ;
; C                ; Input  ; Info     ; Stuck at GND                                                                                                                                 ;
; V                ; Input  ; Info     ; Stuck at GND                                                                                                                                 ;
; PRPO             ; Input  ; Info     ; Stuck at GND                                                                                                                                 ;
; DEC              ; Input  ; Info     ; Stuck at GND                                                                                                                                 ;
; INC              ; Input  ; Info     ; Stuck at GND                                                                                                                                 ;
; RC               ; Input  ; Info     ; Stuck at GND                                                                                                                                 ;
; D                ; Input  ; Info     ; Stuck at GND                                                                                                                                 ;
; S                ; Input  ; Info     ; Stuck at GND                                                                                                                                 ;
; PR               ; Input  ; Info     ; Stuck at GND                                                                                                                                 ;
; F                ; Input  ; Info     ; Stuck at GND                                                                                                                                 ;
; T                ; Input  ; Info     ; Stuck at GND                                                                                                                                 ;
; SA               ; Input  ; Info     ; Stuck at GND                                                                                                                                 ;
; OFF              ; Input  ; Info     ; Stuck at GND                                                                                                                                 ;
; B                ; Input  ; Info     ; Stuck at GND                                                                                                                                 ;
; enable           ; Input  ; Info     ; Stuck at GND                                                                                                                                 ;
; clk              ; Input  ; Warning  ; Declared by entity but not connected by instance. If a default value exists, it will be used.  Otherwise, the port will be connected to GND. ;
; PSW_mask         ; Input  ; Warning  ; Declared by entity but not connected by instance. If a default value exists, it will be used.  Otherwise, the port will be connected to GND. ;
; PSW              ; Input  ; Warning  ; Declared by entity but not connected by instance. If a default value exists, it will be used.  Otherwise, the port will be connected to GND. ;
; CEX              ; Input  ; Warning  ; Declared by entity but not connected by instance. If a default value exists, it will be used.  Otherwise, the port will be connected to GND. ;
; reg_write_enable ; Input  ; Warning  ; Declared by entity but not connected by instance. If a default value exists, it will be used.  Otherwise, the port will be connected to GND. ;
; reg_write_select ; Input  ; Warning  ; Declared by entity but not connected by instance. If a default value exists, it will be used.  Otherwise, the port will be connected to GND. ;
; reg_write_value  ; Input  ; Warning  ; Declared by entity but not connected by instance. If a default value exists, it will be used.  Otherwise, the port will be connected to GND. ;
; WB_o             ; Output ; Warning  ; Declared by entity but not connected by instance. Logic that only feeds a dangling port will be removed.                                     ;
; SLP_o            ; Output ; Warning  ; Declared by entity but not connected by instance. Logic that only feeds a dangling port will be removed.                                     ;
; N_o              ; Output ; Warning  ; Declared by entity but not connected by instance. Logic that only feeds a dangling port will be removed.                                     ;
; Z_o              ; Output ; Warning  ; Declared by entity but not connected by instance. Logic that only feeds a dangling port will be removed.                                     ;
; C_o              ; Output ; Warning  ; Declared by entity but not connected by instance. Logic that only feeds a dangling port will be removed.                                     ;
; V_o              ; Output ; Warning  ; Declared by entity but not connected by instance. Logic that only feeds a dangling port will be removed.                                     ;
; PRPO_o           ; Output ; Warning  ; Declared by entity but not connected by instance. Logic that only feeds a dangling port will be removed.                                     ;
; DEC_o            ; Output ; Warning  ; Declared by entity but not connected by instance. Logic that only feeds a dangling port will be removed.                                     ;
; INC_o            ; Output ; Warning  ; Declared by entity but not connected by instance. Logic that only feeds a dangling port will be removed.                                     ;
; RC_o             ; Output ; Warning  ; Declared by entity but not connected by instance. Logic that only feeds a dangling port will be removed.                                     ;
; D_o              ; Output ; Warning  ; Declared by entity but not connected by instance. Logic that only feeds a dangling port will be removed.                                     ;
; S_o              ; Output ; Warning  ; Declared by entity but not connected by instance. Logic that only feeds a dangling port will be removed.                                     ;
; PR_o             ; Output ; Warning  ; Declared by entity but not connected by instance. Logic that only feeds a dangling port will be removed.                                     ;
; F_o              ; Output ; Warning  ; Declared by entity but not connected by instance. Logic that only feeds a dangling port will be removed.                                     ;
; T_o              ; Output ; Warning  ; Declared by entity but not connected by instance. Logic that only feeds a dangling port will be removed.                                     ;
; SA_o             ; Output ; Warning  ; Declared by entity but not connected by instance. Logic that only feeds a dangling port will be removed.                                     ;
; OFF_o            ; Output ; Warning  ; Declared by entity but not connected by instance. Logic that only feeds a dangling port will be removed.                                     ;
; B_o              ; Output ; Warning  ; Declared by entity but not connected by instance. Logic that only feeds a dangling port will be removed.                                     ;
; enable_o         ; Output ; Warning  ; Declared by entity but not connected by instance. Logic that only feeds a dangling port will be removed.                                     ;
; PSW_o            ; Output ; Warning  ; Declared by entity but not connected by instance. Logic that only feeds a dangling port will be removed.                                     ;
; gprc_o           ; Output ; Warning  ; Declared by entity but not connected by instance. Logic that only feeds a dangling port will be removed.                                     ;
+------------------+--------+----------+----------------------------------------------------------------------------------------------------------------------------------------------+


+-------------------------------------------------+
; Port Connectivity Checks: "decode_stage:decode" ;
+-------------+-------+----------+----------------+
; Port        ; Type  ; Severity ; Details        ;
+-------------+-------+----------+----------------+
; inst[13..4] ; Input ; Info     ; Stuck at GND   ;
; inst[2..0]  ; Input ; Info     ; Stuck at GND   ;
; inst[15]    ; Input ; Info     ; Stuck at GND   ;
; inst[14]    ; Input ; Info     ; Stuck at VCC   ;
; inst[3]     ; Input ; Info     ; Stuck at VCC   ;
+-------------+-------+----------+----------------+


+-----------------------------------------------------+
; Post-Synthesis Netlist Statistics for Top Partition ;
+-----------------------+-----------------------------+
; Type                  ; Count                       ;
+-----------------------+-----------------------------+
; boundary_port         ; 4                           ;
; cycloneiii_ff         ; 33                          ;
;     CLR               ; 33                          ;
; cycloneiii_lcell_comb ; 56                          ;
;     arith             ; 31                          ;
;         2 data inputs ; 31                          ;
;     normal            ; 25                          ;
;         1 data inputs ; 1                           ;
;         2 data inputs ; 14                          ;
;         4 data inputs ; 10                          ;
;                       ;                             ;
; Max LUT depth         ; 4.50                        ;
; Average LUT depth     ; 3.73                        ;
+-----------------------+-----------------------------+


+-------------------------------+
; Elapsed Time Per Partition    ;
+----------------+--------------+
; Partition Name ; Elapsed Time ;
+----------------+--------------+
; Top            ; 00:00:00     ;
+----------------+--------------+


+-------------------------------+
; Analysis & Synthesis Messages ;
+-------------------------------+
Info: *******************************************************************
Info: Running Quartus Prime Analysis & Synthesis
    Info: Version 20.1.1 Build 720 11/11/2020 SJ Lite Edition
    Info: Processing started: Mon Sep 23 21:45:06 2024
Info: Command: quartus_map --read_settings_files=on --write_settings_files=off XM23 -c XM23
Warning (18236): Number of processors has not been specified which may cause overloading on shared machines.  Set the global assignment NUM_PARALLEL_PROCESSORS in your QSF to an appropriate value for best performance.
Info (20030): Parallel compilation is enabled and will use 16 of the 16 processors detected
Info (12021): Found 1 design units, including 1 entities, in source file regnum_to_values_to_alu.sv
    Info (12023): Found entity 1: regnum_to_values_to_alu File: C:/Users/romes/OneDrive - Dalhousie University/Desktop/Dal/SYP - actual project/XM23-CPU/FPGA/regnum_to_values_to_alu.sv Line: 3
Info (12021): Found 1 design units, including 1 entities, in source file decode_stage.sv
    Info (12023): Found entity 1: decode_stage File: C:/Users/romes/OneDrive - Dalhousie University/Desktop/Dal/SYP - actual project/XM23-CPU/FPGA/decode_stage.sv Line: 1
Info (12021): Found 1 design units, including 1 entities, in source file pipeline_registers.sv
    Info (12023): Found entity 1: pipeline_registers File: C:/Users/romes/OneDrive - Dalhousie University/Desktop/Dal/SYP - actual project/XM23-CPU/FPGA/pipeline_registers.sv Line: 1
Info (12021): Found 1 design units, including 1 entities, in source file pipeline_controller.sv
    Info (12023): Found entity 1: pipeline_controller File: C:/Users/romes/OneDrive - Dalhousie University/Desktop/Dal/SYP - actual project/XM23-CPU/FPGA/pipeline_controller.sv Line: 8
Info (12021): Found 1 design units, including 1 entities, in source file memory_access.sv
    Info (12023): Found entity 1: memory_access File: C:/Users/romes/OneDrive - Dalhousie University/Desktop/Dal/SYP - actual project/XM23-CPU/FPGA/memory_access.sv Line: 1
Info (12021): Found 1 design units, including 1 entities, in source file alu_xor.sv
    Info (12023): Found entity 1: alu_XOR File: C:/Users/romes/OneDrive - Dalhousie University/Desktop/Dal/SYP - actual project/XM23-CPU/FPGA/alu_XOR.sv Line: 2
Info (12021): Found 1 design units, including 1 entities, in source file alu_top_level.sv
    Info (12023): Found entity 1: alu_top_level File: C:/Users/romes/OneDrive - Dalhousie University/Desktop/Dal/SYP - actual project/XM23-CPU/FPGA/alu_top_level.sv Line: 2
Info (12021): Found 1 design units, including 1 entities, in source file alu_sub.sv
    Info (12023): Found entity 1: alu_SUB File: C:/Users/romes/OneDrive - Dalhousie University/Desktop/Dal/SYP - actual project/XM23-CPU/FPGA/alu_SUB.sv Line: 2
Info (12021): Found 1 design units, including 1 entities, in source file alu_or.sv
    Info (12023): Found entity 1: alu_OR File: C:/Users/romes/OneDrive - Dalhousie University/Desktop/Dal/SYP - actual project/XM23-CPU/FPGA/alu_OR.sv Line: 2
Info (12021): Found 1 design units, including 1 entities, in source file alu_dadd.sv
    Info (12023): Found entity 1: alu_DADD File: C:/Users/romes/OneDrive - Dalhousie University/Desktop/Dal/SYP - actual project/XM23-CPU/FPGA/alu_DADD.sv Line: 2
Info (12021): Found 1 design units, including 1 entities, in source file alu_bit.sv
    Info (12023): Found entity 1: alu_BIT File: C:/Users/romes/OneDrive - Dalhousie University/Desktop/Dal/SYP - actual project/XM23-CPU/FPGA/alu_BIT.sv Line: 2
Info (12021): Found 1 design units, including 1 entities, in source file alu_bis.sv
    Info (12023): Found entity 1: alu_BIS File: C:/Users/romes/OneDrive - Dalhousie University/Desktop/Dal/SYP - actual project/XM23-CPU/FPGA/alu_BIS.sv Line: 2
Info (12021): Found 1 design units, including 1 entities, in source file alu_bic.sv
    Info (12023): Found entity 1: alu_BIC File: C:/Users/romes/OneDrive - Dalhousie University/Desktop/Dal/SYP - actual project/XM23-CPU/FPGA/alu_BIC.sv Line: 2
Info (12021): Found 1 design units, including 1 entities, in source file alu_and.sv
    Info (12023): Found entity 1: alu_AND File: C:/Users/romes/OneDrive - Dalhousie University/Desktop/Dal/SYP - actual project/XM23-CPU/FPGA/alu_AND.sv Line: 2
Info (12021): Found 1 design units, including 1 entities, in source file alu_add.sv
    Info (12023): Found entity 1: alu_ADD File: C:/Users/romes/OneDrive - Dalhousie University/Desktop/Dal/SYP - actual project/XM23-CPU/FPGA/alu_ADD.sv Line: 2
Info (12021): Found 1 design units, including 1 entities, in source file alu.sv
    Info (12023): Found entity 1: alu File: C:/Users/romes/OneDrive - Dalhousie University/Desktop/Dal/SYP - actual project/XM23-CPU/FPGA/alu.sv Line: 2
Info (12021): Found 1 design units, including 1 entities, in source file xm23.sv
    Info (12023): Found entity 1: XM23 File: C:/Users/romes/OneDrive - Dalhousie University/Desktop/Dal/SYP - actual project/XM23-CPU/FPGA/XM23.sv Line: 1
Warning (12019): Can't analyze file -- file regnum_to_values.sv is missing
Info (12021): Found 1 design units, including 1 entities, in source file alu_addc.sv
    Info (12023): Found entity 1: alu_ADDC File: C:/Users/romes/OneDrive - Dalhousie University/Desktop/Dal/SYP - actual project/XM23-CPU/FPGA/alu_ADDC.sv Line: 2
Info (12021): Found 1 design units, including 1 entities, in source file alu_subc.sv
    Info (12023): Found entity 1: alu_SUBC File: C:/Users/romes/OneDrive - Dalhousie University/Desktop/Dal/SYP - actual project/XM23-CPU/FPGA/alu_SUBC.sv Line: 2
Warning (10236): Verilog HDL Implicit Net warning at decode_stage.sv(403): created implicit net for "WB" File: C:/Users/romes/OneDrive - Dalhousie University/Desktop/Dal/SYP - actual project/XM23-CPU/FPGA/decode_stage.sv Line: 403
Warning (10236): Verilog HDL Implicit Net warning at decode_stage.sv(404): created implicit net for "SLP" File: C:/Users/romes/OneDrive - Dalhousie University/Desktop/Dal/SYP - actual project/XM23-CPU/FPGA/decode_stage.sv Line: 404
Warning (10236): Verilog HDL Implicit Net warning at decode_stage.sv(405): created implicit net for "N" File: C:/Users/romes/OneDrive - Dalhousie University/Desktop/Dal/SYP - actual project/XM23-CPU/FPGA/decode_stage.sv Line: 405
Warning (10236): Verilog HDL Implicit Net warning at decode_stage.sv(406): created implicit net for "Z" File: C:/Users/romes/OneDrive - Dalhousie University/Desktop/Dal/SYP - actual project/XM23-CPU/FPGA/decode_stage.sv Line: 406
Warning (10236): Verilog HDL Implicit Net warning at decode_stage.sv(407): created implicit net for "C" File: C:/Users/romes/OneDrive - Dalhousie University/Desktop/Dal/SYP - actual project/XM23-CPU/FPGA/decode_stage.sv Line: 407
Warning (10236): Verilog HDL Implicit Net warning at decode_stage.sv(408): created implicit net for "V" File: C:/Users/romes/OneDrive - Dalhousie University/Desktop/Dal/SYP - actual project/XM23-CPU/FPGA/decode_stage.sv Line: 408
Warning (10236): Verilog HDL Implicit Net warning at decode_stage.sv(409): created implicit net for "PRPO" File: C:/Users/romes/OneDrive - Dalhousie University/Desktop/Dal/SYP - actual project/XM23-CPU/FPGA/decode_stage.sv Line: 409
Warning (10236): Verilog HDL Implicit Net warning at decode_stage.sv(410): created implicit net for "DEC" File: C:/Users/romes/OneDrive - Dalhousie University/Desktop/Dal/SYP - actual project/XM23-CPU/FPGA/decode_stage.sv Line: 410
Warning (10236): Verilog HDL Implicit Net warning at decode_stage.sv(411): created implicit net for "INC" File: C:/Users/romes/OneDrive - Dalhousie University/Desktop/Dal/SYP - actual project/XM23-CPU/FPGA/decode_stage.sv Line: 411
Warning (10236): Verilog HDL Implicit Net warning at decode_stage.sv(412): created implicit net for "RC" File: C:/Users/romes/OneDrive - Dalhousie University/Desktop/Dal/SYP - actual project/XM23-CPU/FPGA/decode_stage.sv Line: 412
Warning (10236): Verilog HDL Implicit Net warning at decode_stage.sv(413): created implicit net for "D" File: C:/Users/romes/OneDrive - Dalhousie University/Desktop/Dal/SYP - actual project/XM23-CPU/FPGA/decode_stage.sv Line: 413
Warning (10236): Verilog HDL Implicit Net warning at decode_stage.sv(414): created implicit net for "S" File: C:/Users/romes/OneDrive - Dalhousie University/Desktop/Dal/SYP - actual project/XM23-CPU/FPGA/decode_stage.sv Line: 414
Warning (10236): Verilog HDL Implicit Net warning at decode_stage.sv(415): created implicit net for "PR" File: C:/Users/romes/OneDrive - Dalhousie University/Desktop/Dal/SYP - actual project/XM23-CPU/FPGA/decode_stage.sv Line: 415
Warning (10236): Verilog HDL Implicit Net warning at decode_stage.sv(416): created implicit net for "F" File: C:/Users/romes/OneDrive - Dalhousie University/Desktop/Dal/SYP - actual project/XM23-CPU/FPGA/decode_stage.sv Line: 416
Warning (10236): Verilog HDL Implicit Net warning at decode_stage.sv(417): created implicit net for "T" File: C:/Users/romes/OneDrive - Dalhousie University/Desktop/Dal/SYP - actual project/XM23-CPU/FPGA/decode_stage.sv Line: 417
Warning (10236): Verilog HDL Implicit Net warning at decode_stage.sv(418): created implicit net for "SA" File: C:/Users/romes/OneDrive - Dalhousie University/Desktop/Dal/SYP - actual project/XM23-CPU/FPGA/decode_stage.sv Line: 418
Warning (10236): Verilog HDL Implicit Net warning at decode_stage.sv(419): created implicit net for "OFF" File: C:/Users/romes/OneDrive - Dalhousie University/Desktop/Dal/SYP - actual project/XM23-CPU/FPGA/decode_stage.sv Line: 419
Warning (10236): Verilog HDL Implicit Net warning at decode_stage.sv(420): created implicit net for "B" File: C:/Users/romes/OneDrive - Dalhousie University/Desktop/Dal/SYP - actual project/XM23-CPU/FPGA/decode_stage.sv Line: 420
Warning (10236): Verilog HDL Implicit Net warning at decode_stage.sv(421): created implicit net for "enable" File: C:/Users/romes/OneDrive - Dalhousie University/Desktop/Dal/SYP - actual project/XM23-CPU/FPGA/decode_stage.sv Line: 421
Info (12127): Elaborating entity "XM23" for the top level hierarchy
Info (12128): Elaborating entity "decode_stage" for hierarchy "decode_stage:decode" File: C:/Users/romes/OneDrive - Dalhousie University/Desktop/Dal/SYP - actual project/XM23-CPU/FPGA/XM23.sv Line: 34
Warning (10036): Verilog HDL or VHDL warning at decode_stage.sv(133): object "WB" assigned a value but never read File: C:/Users/romes/OneDrive - Dalhousie University/Desktop/Dal/SYP - actual project/XM23-CPU/FPGA/decode_stage.sv Line: 133
Warning (10036): Verilog HDL or VHDL warning at decode_stage.sv(133): object "SLP" assigned a value but never read File: C:/Users/romes/OneDrive - Dalhousie University/Desktop/Dal/SYP - actual project/XM23-CPU/FPGA/decode_stage.sv Line: 133
Warning (10036): Verilog HDL or VHDL warning at decode_stage.sv(133): object "N" assigned a value but never read File: C:/Users/romes/OneDrive - Dalhousie University/Desktop/Dal/SYP - actual project/XM23-CPU/FPGA/decode_stage.sv Line: 133
Warning (10036): Verilog HDL or VHDL warning at decode_stage.sv(133): object "Z" assigned a value but never read File: C:/Users/romes/OneDrive - Dalhousie University/Desktop/Dal/SYP - actual project/XM23-CPU/FPGA/decode_stage.sv Line: 133
Warning (10036): Verilog HDL or VHDL warning at decode_stage.sv(133): object "C" assigned a value but never read File: C:/Users/romes/OneDrive - Dalhousie University/Desktop/Dal/SYP - actual project/XM23-CPU/FPGA/decode_stage.sv Line: 133
Warning (10036): Verilog HDL or VHDL warning at decode_stage.sv(133): object "V" assigned a value but never read File: C:/Users/romes/OneDrive - Dalhousie University/Desktop/Dal/SYP - actual project/XM23-CPU/FPGA/decode_stage.sv Line: 133
Warning (10036): Verilog HDL or VHDL warning at decode_stage.sv(133): object "PRPO" assigned a value but never read File: C:/Users/romes/OneDrive - Dalhousie University/Desktop/Dal/SYP - actual project/XM23-CPU/FPGA/decode_stage.sv Line: 133
Warning (10036): Verilog HDL or VHDL warning at decode_stage.sv(133): object "DEC" assigned a value but never read File: C:/Users/romes/OneDrive - Dalhousie University/Desktop/Dal/SYP - actual project/XM23-CPU/FPGA/decode_stage.sv Line: 133
Warning (10036): Verilog HDL or VHDL warning at decode_stage.sv(133): object "INC" assigned a value but never read File: C:/Users/romes/OneDrive - Dalhousie University/Desktop/Dal/SYP - actual project/XM23-CPU/FPGA/decode_stage.sv Line: 133
Warning (10036): Verilog HDL or VHDL warning at decode_stage.sv(133): object "RC" assigned a value but never read File: C:/Users/romes/OneDrive - Dalhousie University/Desktop/Dal/SYP - actual project/XM23-CPU/FPGA/decode_stage.sv Line: 133
Warning (10036): Verilog HDL or VHDL warning at decode_stage.sv(134): object "D" assigned a value but never read File: C:/Users/romes/OneDrive - Dalhousie University/Desktop/Dal/SYP - actual project/XM23-CPU/FPGA/decode_stage.sv Line: 134
Warning (10036): Verilog HDL or VHDL warning at decode_stage.sv(134): object "S" assigned a value but never read File: C:/Users/romes/OneDrive - Dalhousie University/Desktop/Dal/SYP - actual project/XM23-CPU/FPGA/decode_stage.sv Line: 134
Warning (10036): Verilog HDL or VHDL warning at decode_stage.sv(134): object "PR" assigned a value but never read File: C:/Users/romes/OneDrive - Dalhousie University/Desktop/Dal/SYP - actual project/XM23-CPU/FPGA/decode_stage.sv Line: 134
Warning (10036): Verilog HDL or VHDL warning at decode_stage.sv(134): object "F" assigned a value but never read File: C:/Users/romes/OneDrive - Dalhousie University/Desktop/Dal/SYP - actual project/XM23-CPU/FPGA/decode_stage.sv Line: 134
Warning (10036): Verilog HDL or VHDL warning at decode_stage.sv(134): object "T" assigned a value but never read File: C:/Users/romes/OneDrive - Dalhousie University/Desktop/Dal/SYP - actual project/XM23-CPU/FPGA/decode_stage.sv Line: 134
Warning (10036): Verilog HDL or VHDL warning at decode_stage.sv(135): object "SA" assigned a value but never read File: C:/Users/romes/OneDrive - Dalhousie University/Desktop/Dal/SYP - actual project/XM23-CPU/FPGA/decode_stage.sv Line: 135
Warning (10036): Verilog HDL or VHDL warning at decode_stage.sv(136): object "OFF" assigned a value but never read File: C:/Users/romes/OneDrive - Dalhousie University/Desktop/Dal/SYP - actual project/XM23-CPU/FPGA/decode_stage.sv Line: 136
Warning (10036): Verilog HDL or VHDL warning at decode_stage.sv(137): object "B" assigned a value but never read File: C:/Users/romes/OneDrive - Dalhousie University/Desktop/Dal/SYP - actual project/XM23-CPU/FPGA/decode_stage.sv Line: 137
Warning (10036): Verilog HDL or VHDL warning at decode_stage.sv(138): object "enable" assigned a value but never read File: C:/Users/romes/OneDrive - Dalhousie University/Desktop/Dal/SYP - actual project/XM23-CPU/FPGA/decode_stage.sv Line: 138
Warning (10230): Verilog HDL assignment warning at decode_stage.sv(156): truncated value with size 13 to match size of target (7) File: C:/Users/romes/OneDrive - Dalhousie University/Desktop/Dal/SYP - actual project/XM23-CPU/FPGA/decode_stage.sv Line: 156
Warning (10230): Verilog HDL assignment warning at decode_stage.sv(163): truncated value with size 13 to match size of target (7) File: C:/Users/romes/OneDrive - Dalhousie University/Desktop/Dal/SYP - actual project/XM23-CPU/FPGA/decode_stage.sv Line: 163
Warning (10230): Verilog HDL assignment warning at decode_stage.sv(167): truncated value with size 10 to match size of target (7) File: C:/Users/romes/OneDrive - Dalhousie University/Desktop/Dal/SYP - actual project/XM23-CPU/FPGA/decode_stage.sv Line: 167
Warning (10230): Verilog HDL assignment warning at decode_stage.sv(171): truncated value with size 10 to match size of target (7) File: C:/Users/romes/OneDrive - Dalhousie University/Desktop/Dal/SYP - actual project/XM23-CPU/FPGA/decode_stage.sv Line: 171
Warning (10230): Verilog HDL assignment warning at decode_stage.sv(175): truncated value with size 10 to match size of target (7) File: C:/Users/romes/OneDrive - Dalhousie University/Desktop/Dal/SYP - actual project/XM23-CPU/FPGA/decode_stage.sv Line: 175
Warning (10230): Verilog HDL assignment warning at decode_stage.sv(179): truncated value with size 10 to match size of target (7) File: C:/Users/romes/OneDrive - Dalhousie University/Desktop/Dal/SYP - actual project/XM23-CPU/FPGA/decode_stage.sv Line: 179
Warning (10230): Verilog HDL assignment warning at decode_stage.sv(183): truncated value with size 10 to match size of target (7) File: C:/Users/romes/OneDrive - Dalhousie University/Desktop/Dal/SYP - actual project/XM23-CPU/FPGA/decode_stage.sv Line: 183
Warning (10230): Verilog HDL assignment warning at decode_stage.sv(187): truncated value with size 10 to match size of target (7) File: C:/Users/romes/OneDrive - Dalhousie University/Desktop/Dal/SYP - actual project/XM23-CPU/FPGA/decode_stage.sv Line: 187
Warning (10230): Verilog HDL assignment warning at decode_stage.sv(191): truncated value with size 10 to match size of target (7) File: C:/Users/romes/OneDrive - Dalhousie University/Desktop/Dal/SYP - actual project/XM23-CPU/FPGA/decode_stage.sv Line: 191
Warning (10230): Verilog HDL assignment warning at decode_stage.sv(195): truncated value with size 10 to match size of target (7) File: C:/Users/romes/OneDrive - Dalhousie University/Desktop/Dal/SYP - actual project/XM23-CPU/FPGA/decode_stage.sv Line: 195
Warning (10230): Verilog HDL assignment warning at decode_stage.sv(341): truncated value with size 4 to match size of target (1) File: C:/Users/romes/OneDrive - Dalhousie University/Desktop/Dal/SYP - actual project/XM23-CPU/FPGA/decode_stage.sv Line: 341
Warning (10030): Net "WB" at decode_stage.sv(403) has no driver or initial value, using a default initial value '0' File: C:/Users/romes/OneDrive - Dalhousie University/Desktop/Dal/SYP - actual project/XM23-CPU/FPGA/decode_stage.sv Line: 403
Warning (10030): Net "SLP" at decode_stage.sv(404) has no driver or initial value, using a default initial value '0' File: C:/Users/romes/OneDrive - Dalhousie University/Desktop/Dal/SYP - actual project/XM23-CPU/FPGA/decode_stage.sv Line: 404
Warning (10030): Net "N" at decode_stage.sv(405) has no driver or initial value, using a default initial value '0' File: C:/Users/romes/OneDrive - Dalhousie University/Desktop/Dal/SYP - actual project/XM23-CPU/FPGA/decode_stage.sv Line: 405
Warning (10030): Net "Z" at decode_stage.sv(406) has no driver or initial value, using a default initial value '0' File: C:/Users/romes/OneDrive - Dalhousie University/Desktop/Dal/SYP - actual project/XM23-CPU/FPGA/decode_stage.sv Line: 406
Warning (10030): Net "C" at decode_stage.sv(407) has no driver or initial value, using a default initial value '0' File: C:/Users/romes/OneDrive - Dalhousie University/Desktop/Dal/SYP - actual project/XM23-CPU/FPGA/decode_stage.sv Line: 407
Warning (10030): Net "V" at decode_stage.sv(408) has no driver or initial value, using a default initial value '0' File: C:/Users/romes/OneDrive - Dalhousie University/Desktop/Dal/SYP - actual project/XM23-CPU/FPGA/decode_stage.sv Line: 408
Warning (10030): Net "PRPO" at decode_stage.sv(409) has no driver or initial value, using a default initial value '0' File: C:/Users/romes/OneDrive - Dalhousie University/Desktop/Dal/SYP - actual project/XM23-CPU/FPGA/decode_stage.sv Line: 409
Warning (10030): Net "DEC" at decode_stage.sv(410) has no driver or initial value, using a default initial value '0' File: C:/Users/romes/OneDrive - Dalhousie University/Desktop/Dal/SYP - actual project/XM23-CPU/FPGA/decode_stage.sv Line: 410
Warning (10030): Net "INC" at decode_stage.sv(411) has no driver or initial value, using a default initial value '0' File: C:/Users/romes/OneDrive - Dalhousie University/Desktop/Dal/SYP - actual project/XM23-CPU/FPGA/decode_stage.sv Line: 411
Warning (10030): Net "RC" at decode_stage.sv(412) has no driver or initial value, using a default initial value '0' File: C:/Users/romes/OneDrive - Dalhousie University/Desktop/Dal/SYP - actual project/XM23-CPU/FPGA/decode_stage.sv Line: 412
Warning (10030): Net "D" at decode_stage.sv(413) has no driver or initial value, using a default initial value '0' File: C:/Users/romes/OneDrive - Dalhousie University/Desktop/Dal/SYP - actual project/XM23-CPU/FPGA/decode_stage.sv Line: 413
Warning (10030): Net "S" at decode_stage.sv(414) has no driver or initial value, using a default initial value '0' File: C:/Users/romes/OneDrive - Dalhousie University/Desktop/Dal/SYP - actual project/XM23-CPU/FPGA/decode_stage.sv Line: 414
Warning (10030): Net "PR" at decode_stage.sv(415) has no driver or initial value, using a default initial value '0' File: C:/Users/romes/OneDrive - Dalhousie University/Desktop/Dal/SYP - actual project/XM23-CPU/FPGA/decode_stage.sv Line: 415
Warning (10030): Net "F" at decode_stage.sv(416) has no driver or initial value, using a default initial value '0' File: C:/Users/romes/OneDrive - Dalhousie University/Desktop/Dal/SYP - actual project/XM23-CPU/FPGA/decode_stage.sv Line: 416
Warning (10030): Net "T" at decode_stage.sv(417) has no driver or initial value, using a default initial value '0' File: C:/Users/romes/OneDrive - Dalhousie University/Desktop/Dal/SYP - actual project/XM23-CPU/FPGA/decode_stage.sv Line: 417
Warning (10030): Net "SA" at decode_stage.sv(418) has no driver or initial value, using a default initial value '0' File: C:/Users/romes/OneDrive - Dalhousie University/Desktop/Dal/SYP - actual project/XM23-CPU/FPGA/decode_stage.sv Line: 418
Warning (10030): Net "OFF" at decode_stage.sv(419) has no driver or initial value, using a default initial value '0' File: C:/Users/romes/OneDrive - Dalhousie University/Desktop/Dal/SYP - actual project/XM23-CPU/FPGA/decode_stage.sv Line: 419
Warning (10030): Net "B" at decode_stage.sv(420) has no driver or initial value, using a default initial value '0' File: C:/Users/romes/OneDrive - Dalhousie University/Desktop/Dal/SYP - actual project/XM23-CPU/FPGA/decode_stage.sv Line: 420
Warning (10030): Net "enable" at decode_stage.sv(421) has no driver or initial value, using a default initial value '0' File: C:/Users/romes/OneDrive - Dalhousie University/Desktop/Dal/SYP - actual project/XM23-CPU/FPGA/decode_stage.sv Line: 421
Info (12128): Elaborating entity "pipeline_registers" for hierarchy "decode_stage:decode|pipeline_registers:pipeline" File: C:/Users/romes/OneDrive - Dalhousie University/Desktop/Dal/SYP - actual project/XM23-CPU/FPGA/decode_stage.sv Line: 422
Info (10008): Verilog HDL or VHDL information: EDA Netlist Writer cannot regroup multidimensional array "gprc_o" into its bus
Info (10008): Verilog HDL or VHDL information: EDA Netlist Writer cannot regroup multidimensional array "gprc_i" into its bus
Info (10008): Verilog HDL or VHDL information: EDA Netlist Writer cannot regroup multidimensional array "gprc_o" into its bus
Warning (12241): 1 hierarchies have connectivity warnings - see the Connectivity Checks report folder
Info (286030): Timing-Driven Synthesis is running
Info (144001): Generated suppressed messages file C:/Users/romes/OneDrive - Dalhousie University/Desktop/Dal/SYP - actual project/XM23-CPU/FPGA/output_files/XM23.map.smsg
Info (16010): Generating hard_block partition "hard_block:auto_generated_inst"
    Info (16011): Adding 0 node(s), including 0 DDIO, 0 PLL, 0 transceiver and 0 LCELL
Info (21057): Implemented 60 device resources after synthesis - the final resource count might be different
    Info (21058): Implemented 2 input pins
    Info (21059): Implemented 2 output pins
    Info (21061): Implemented 56 logic cells
Info: Quartus Prime Analysis & Synthesis was successful. 0 errors, 71 warnings
    Info: Peak virtual memory: 4838 megabytes
    Info: Processing ended: Mon Sep 23 21:45:13 2024
    Info: Elapsed time: 00:00:07
    Info: Total CPU time (on all processors): 00:00:06


+------------------------------------------+
; Analysis & Synthesis Suppressed Messages ;
+------------------------------------------+
The suppressed messages can be found in C:/Users/romes/OneDrive - Dalhousie University/Desktop/Dal/SYP - actual project/XM23-CPU/FPGA/output_files/XM23.map.smsg.


